# 12103 (pinellas_2018): r1 band options for elevated houses the model does not flag

split as train.py: fit 4277 / cal 1595 / test 1315; recomputed final model vs saved r0 model on TEST, max |diff| = 0.00e+00 ft
raised classifier (FIT, target diagram 5-9 or dh > 3; FIT OOF AUC among unflagged, target diagram 5-9 = 0.890): t = 0.1901 holds 75% of FIT's unflagged elevated (OOF), 649 of 3203 FIT unflagged score >= t; t90 = 0.0703 holds 90%, 1125 score >= t90; bins cut at [0.0313, 0.1943, 0.6832] (FIT OOF unflagged score quantiles [0.5, 0.8, 0.95])

Main scores (TEST):

|                   |    n |   MAE |   BFE side |   coverage |   coverage flagged |   coverage not flagged |   width median not flagged |   width median flagged |   BFE decided |   decided correct |
|:------------------|-----:|------:|-----------:|-----------:|-------------------:|-----------------------:|---------------------------:|-----------------------:|--------------:|------------------:|
| r0                | 1315 | 1.039 |      0.898 |      0.918 |              0.938 |                  0.912 |                      1.776 |                 15.376 |         0.579 |             0.983 |
| A1 s-q90          | 1315 | 1.039 |      0.898 |      0.909 |              0.921 |                  0.905 |                      1.747 |                 13.5   |         0.57  |             0.982 |
| A2 s+raised       | 1315 | 1.039 |      0.898 |      0.908 |              0.938 |                  0.899 |                      1.756 |                 14.427 |         0.583 |             0.986 |
| B1 flag           | 1315 | 1.039 |      0.898 |      0.916 |              0.921 |                  0.914 |                      1.845 |                 13.971 |         0.574 |             0.984 |
| B2 era            | 1315 | 1.039 |      0.898 |      0.916 |              0.921 |                  0.915 |                      1.827 |                 13.971 |         0.575 |             0.984 |
| C1 raised         | 1315 | 1.039 |      0.898 |      0.92  |              0.921 |                  0.92  |                      1.815 |                 13.971 |         0.567 |             0.982 |
| C2 raised-asym    | 1315 | 1.039 |      0.898 |      0.915 |              0.921 |                  0.913 |                      1.824 |                 13.971 |         0.557 |             0.982 |
| C3 raised-bins    | 1315 | 1.039 |      0.898 |      0.919 |              0.921 |                  0.919 |                      1.901 |                 13.971 |         0.555 |             0.985 |
| C4 raised90       | 1315 | 1.039 |      0.898 |      0.922 |              0.921 |                  0.922 |                      1.88  |                 13.971 |         0.556 |             0.985 |
| D1 raised-elevq   | 1315 | 1.039 |      0.898 |      0.923 |              0.921 |                  0.924 |                      1.829 |                 13.971 |         0.547 |             0.982 |
| D2 raised90-elevq | 1315 | 1.039 |      0.898 |      0.933 |              0.921 |                  0.937 |                      2.015 |                 13.971 |         0.486 |             0.985 |
| D3 bins-elevq     | 1315 | 1.039 |      0.898 |      0.925 |              0.921 |                  0.926 |                      1.929 |                 13.971 |         0.533 |             0.984 |

Elevated (diagram 5-9) / raised (dh > 3) houses the model does not flag (p <= 3), TEST; CAL-CV; q per group. Groups: one q = g0; B1 g0 unflagged, g1 flagged; B2 / C1 / C2 / C4 / D1 / D2 g0 unflagged low, g1 unflagged high (old / high score), g2 flagged; C3 / D3 g0-g3 unflagged score bins, g4 flagged. Asymmetric q: lower/upper. 'hi-score n' = TEST unflagged houses in the widened groups.

|                   |   elev-unfl n |   elev-unfl coverage | elev-unfl 95% CI   |   raised-unfl n |   raised-unfl coverage |   TEST unfl hi-score n |   CAL-CV coverage |   CAL-CV elev-unfl coverage | q                                                     |
|:------------------|--------------:|---------------------:|:-------------------|----------------:|-----------------------:|-----------------------:|------------------:|----------------------------:|:------------------------------------------------------|
| r0                |           119 |                0.79  | 0.708-0.853        |              70 |                  0.543 |                      0 |             0.9   |                       0.652 | g0: 2.327                                             |
| A1 s-q90          |           119 |                0.782 | 0.699-0.846        |              70 |                  0.514 |                      0 |             0.9   |                       0.679 | g0: 1.152                                             |
| A2 s+raised       |           119 |                0.748 | 0.663-0.817        |              70 |                  0.486 |                      0 |             0.899 |                       0.696 | g0: 2.237                                             |
| B1 flag           |           119 |                0.798 | 0.717-0.861        |              70 |                  0.543 |                      0 |             0.903 |                       0.661 | g0: 2.418; g1: 2.114                                  |
| B2 era            |           119 |                0.807 | 0.727-0.868        |              70 |                  0.557 |                    109 |             0.901 |                       0.679 | g0: 2.393; g1: 2.526; g2: 2.114                       |
| C1 raised         |           119 |                0.832 | 0.755-0.888        |              70 |                  0.6   |                    221 |             0.9   |                       0.741 | g0: 2.300; g1: 2.946; g2: 2.114                       |
| C2 raised-asym    |           119 |                0.815 | 0.736-0.875        |              70 |                  0.629 |                    221 |             0.898 |                       0.759 | g0: 2.300; g1: 2.028/4.490; g2: 2.114                 |
| C3 raised-bins    |           119 |                0.84  | 0.764-0.895        |              70 |                  0.6   |                    221 |             0.903 |                       0.75  | g0: 2.231; g1: 2.579; g2: 2.946; g3: 3.153; g4: 2.114 |
| C4 raised90       |           119 |                0.84  | 0.764-0.895        |              70 |                  0.6   |                    408 |             0.902 |                       0.75  | g0: 2.232; g1: 2.933; g2: 2.114                       |
| D1 raised-elevq   |           119 |                0.84  | 0.764-0.895        |              70 |                  0.629 |                    221 |             0.906 |                       0.786 | g0: 2.300; g1: 4.002; g2: 2.114                       |
| D2 raised90-elevq |           119 |                0.908 | 0.842-0.948        |              70 |                  0.743 |                    408 |             0.915 |                       0.83  | g0: 2.232; g1: 5.611; g2: 2.114                       |
| D3 bins-elevq     |           119 |                0.874 | 0.802-0.922        |              70 |                  0.671 |                    221 |             0.908 |                       0.795 | g0: 2.231; g1: 2.579; g2: 4.861; g3: 3.153; g4: 2.114 |

County residential houses (approx. assemble.py eligibility: lidar ok, lidar LAG, DOR 000-009; no labels): same final model, each option's bands

|                   |   county n |   county widened n |   county width median not flagged |   county width median all |
|:------------------|-----------:|-------------------:|----------------------------------:|--------------------------:|
| r0                |     247653 |                  0 |                             1.915 |                     2.148 |
| A1 s-q90          |     247653 |                  0 |                             1.916 |                     2.138 |
| A2 s+raised       |     247653 |                  0 |                             1.912 |                     2.146 |
| B1 flag           |     247653 |                  0 |                             1.99  |                     2.21  |
| B2 era            |     247653 |              19856 |                             1.975 |                     2.198 |
| C1 raised         |     247653 |              53176 |                             1.989 |                     2.241 |
| C2 raised-asym    |     247653 |              53176 |                             2.009 |                     2.294 |
| C3 raised-bins    |     247653 |              52419 |                             2.129 |                     2.381 |
| C4 raised90       |     247653 |              95836 |                             2.11  |                     2.381 |
| D1 raised-elevq   |     247653 |              53176 |                             2.025 |                     2.346 |
| D2 raised90-elevq |     247653 |              95836 |                             2.682 |                     3.732 |
| D3 bins-elevq     |     247653 |              52419 |                             2.194 |                     2.525 |
saved D2 raised90-elevq -> /home/user/spatia-flood/data/flood_v1/train_r1
|                         |    n |   MAE |   BFE side |   coverage |   decided correct |   BFE decided |   width median not flagged |   elev-unfl coverage |
|:------------------------|-----:|------:|-----------:|-----------:|------------------:|--------------:|---------------------------:|---------------------:|
| candidate (from disk)   | 1315 | 1.039 |      0.898 |      0.933 |             0.985 |         0.486 |                      2.015 |                0.908 |
| baseline r0 (from disk) | 1315 | 1.039 |      0.898 |      0.918 |             0.983 |         0.579 |                      1.776 |                0.79  |
pass coverage >= floor (gate.py rule, applied with disk_bands)
pass MAE (gate.py rule, applied with disk_bands)
pass BFE side (gate.py rule, applied with disk_bands)
pass coverage (gate.py rule, applied with disk_bands)
pass decided correct (gate.py rule, applied with disk_bands)
|                                              |   TEST n |   coverage |   width median |   elev-unfl n |   elev-unfl covered |
|:---------------------------------------------|---------:|-----------:|---------------:|--------------:|--------------------:|
| ('candidate (from disk)', 'flagged')         |      305 |      0.921 |         13.971 |             0 |                   0 |
| ('candidate (from disk)', 'possibly_raised') |      408 |      0.978 |          7.027 |           109 |                 106 |
| ('candidate (from disk)', 'unflagged')       |      602 |      0.909 |          1.484 |            10 |                   2 |
| ('baseline r0 (from disk)', 'all')           |     1315 |      0.918 |          2.211 |           119 |                  94 |
