layer name: Pinellas Elevation Certificates | description: Public Works Elevation Certificates in Pinellas County, Florida. DATA STEWARD DATA STEWARD & EDITOR: [county staff contact removed] Data Certification: SILVER EDITOR: [county staff contact removed]
copyrightText: 'DATA STEWARD & EDITOR: [county staff contact removed] \n\nData Certification: SILVER'
serviceItemId: None
editingInfo: None
n fields: 139
['OBJECTID', 'RTS_STRAP', 'STR_PIN', 'A1_BUILDING_OWNER', 'A2_BUILDING_STREET_ADDRESS', 'A2_CITY', 'A2_STATE', 'A2_ZIP_CODE', 'A3_PROPERTY_DESCRIPTION', 'A4_BUILDING_USE', 'A5_LATITUDE', 'A5_LONGITUDE', 'A5_HORIZ_DATUM', 'A6_NUMBER_PHOTOS_SUBMITTED', 'A7_BUILDING_DIAG_NUM', 'A8D_ENGINEERED_FLOOD_OPENINGS', 'A9D_ENGINEERED_FLOOD_OPENINGS', 'B1_NFIP_COMMUNITY_NUM', 'B2_COUNTY', 'B3_STATE', 'B4_PANEL_NUMBER', 'B5_SUFFIX', 'B6_FIRM_INDEX_DATE', 'B7_FIRM_EFFECTIVE_REVISE_DATE', 'B8_FLOOD_ZONE', 'B10_BFE_SOURCE', 'B11_ELEVATION_DATUM', 'BFE_CONVERTED_TO_NAVD88', 'B12_BUILDING_IN_CBRS_OP', 'B12_CBRS_OPA_DATE', 'C1_BUILDING_ELEVATION_SOURCE', 'C2_BENCHMARK_UTILIZED', 'C2_BENCHMARK_VERT_DATUM', 'VERTICAL_DATUM', 'MEASUREMENT_UNITS', 'D_SRVYR_ENGR_ARCH_COMMENTS', 'D_ATTACHMENTS_INCLUDED', 'D_SRVYR_PROVIDED_LAT_LONG', 'D_CERTIFIERS_NAME', 'D_LICENSE_NUMBER', 'D_TITLE', 'D_COMPANY_NAME', 'D_ADDRESS', 'D_CITY', 'D_STATE', 'D_ZIP_CODE', 'D_DATE', 'D_TELEPHONE', 'D_CERTIFICATE_SEALED', 'E1A_TOP_OF_BOTTOM_FL_ELEV', 'E1A_TOP_OF_BOTTOM_FL_UNITS', 'E1A_TOP_OF_BOTTOM_FL_HAG', 'E1B_TOP_OF_BOTTOM_FL_ELEV', 'E1B_TOP_OF_BOTTOM_FL_UNIT', 'E1B_TOP_OF_BOTTOM_FL_LAG', 'E2_NEXT_HIGHER_FL_ELEV', 'E2_NEXT_HIGHER_FL_UNITS', 'E2_NEXT_HIGHER_FL_HAG', 'E3_ATTACHED_GARAGE_TOS_ELEV', 'E3_ATTACHED_GARAGE_UNITS', 'E3_ATTACHED_GARAGE_HAG', 'E4_TOP_OF_PLATFORM_ELEV', 'E4_TOP_OF_PLATFORM_UNITS', 'E4_TOP_OF_PLATFORM_HAG', 'E5_ZONE_AO', 'E5_BOTTOM_FLOOR_ELEVATED', 'F_OWNER_OR_AUTH_REPS_NAME', 'F_ADDRESS', 'F_CITY', 'F_STATE', 'F_ZIP_CODE', 'F_DATE', 'F_TELEPHONE', 'F_ATTACHMENTS', 'G1_INFO_FROM_LICENSED_SRVYR', 'G2_SECTION_E_COMPLETED', 'G3_INFO_PROVIDED_FOR_CFM', 'G4_PERMIT_NUMBER', 'G5_DATE_PERMIT_ISSUED', 'G6_CERT_COMPLIANCE_OCC_IS', 'G7_PERMIT_ISSUED_FOR', 'G8_ASBUILT_LOWEST_FL_ELEV', 'G8_ASBUILT_LOWEST_FL_UNITS', 'G8_ASBUILT_OWEST_FL_DATUM', 'G9_BFE_OR_DEPTH_FLOOD_ELEV', 'G9_BFE_OR_DEPTH_FLOOD_UNITS', 'G9_BFE_OR_DEPTH_FLOOD_DATUM', 'G10_COMMUNITYS_DGN_FLOOD_UNI', 'G10_COMMUNITYS_DGN_FLOOD_DAT', 'G_LOCAL_OFFICIALS_NAME', 'G_TITLE', 'G_COMMUNITY_NAME', 'G_TELEPHONE', 'G_DATE', 'COMMENTS', 'DATE_ENTERED', 'LAST_EDITED_BY', 'FILE_NAME', 'DELIVERY', 'POINT_TYPE', 'CREATED_USER', 'CREATED_DATE', 'LAST_EDITED_USER', 'LAST_EDITED_DATE', 'GLOBALID', 'SHAPE', 'A8A_SQR_FT_CRWLSPC_ENCL', 'A8B_NUMBER_FLOOD_OPENINGS', 'A8c_NET_AREA_OPENINGS_SQR_INCH', 'A9A_SQR_FT_ATTACHED_GARAGE', 'A9B_NUMBER_FLOOD_OPENINGS', 'A9c_NET_AREA_OPENINGS_SQR_INCH', 'B9_BASE_FLOOD_ELEVATION', 'C2A_TOP_BOTTOM_FLOOR_EL', 'C2B_TOP_NEXT_HIGHER_FL_EL', 'C2C_BOTTOM_LOW_STRUCT_EL', 'C2D_ATTACHED_GARAGE_ELEV', 'C2E_LOWEST_MACHINERY_EQ_EL', 'C2F_LAG_ELEV', 'C2G_HAG_ELEV', 'C2H_LOWEST_ADJACENT_GRADE', 'C2a_29', 'C2a_88', 'C2b_29', 'C2b_88', 'C2c_29', 'C2c_88', 'C2d_29', 'C2d_88', 'C2e_29', 'C2e_88', 'C2f_29', 'C2f_88', 'C2g_29', 'C2g_88', 'C2h_29', 'C2h_88', 'REDACTED', 'G10_COMMUNITYS_DGN_FLOOD_ELE']
fetch: {'url': 'https://egis.pinellas.gov/gis/rest/services/ElevationCertsApp/ElevationCertsApp/MapServer/0', 'fetched': '2026-10-07', 'count_server': 19382, 'records_fetched': 19382, 'pages': 20, 'out_sr': 4326, 'layer_name': 'Pinellas Elevation Certificates', 'layer_has_licence_text': False}
records 19382
cols fetched ['OBJECTID', 'GLOBALID', 'STR_PIN', 'A4_BUILDING_USE', 'A5_LATITUDE', 'A5_LONGITUDE', 'A5_HORIZ_DATUM', 'A7_BUILDING_DIAG_NUM', 'B6_FIRM_INDEX_DATE', 'B7_FIRM_EFFECTIVE_REVISE_DATE', 'B8_FLOOD_ZONE', 'B9_BASE_FLOOD_ELEVATION', 'B10_BFE_SOURCE', 'B11_ELEVATION_DATUM', 'BFE_CONVERTED_TO_NAVD88', 'C1_BUILDING_ELEVATION_SOURCE', 'C2_BENCHMARK_VERT_DATUM', 'VERTICAL_DATUM', 'MEASUREMENT_UNITS', 'C2A_TOP_BOTTOM_FLOOR_EL', 'C2B_TOP_NEXT_HIGHER_FL_EL', 'C2C_BOTTOM_LOW_STRUCT_EL', 'C2D_ATTACHED_GARAGE_ELEV', 'C2E_LOWEST_MACHINERY_EQ_EL', 'C2F_LAG_ELEV', 'C2G_HAG_ELEV', 'C2H_LOWEST_ADJACENT_GRADE', 'C2a_29', 'C2a_88', 'C2b_29', 'C2b_88', 'C2f_29', 'C2f_88', 'C2g_29', 'C2g_88', 'D_DATE', 'D_CERTIFICATE_SEALED', 'E5_ZONE_AO', 'G4_PERMIT_NUMBER', 'G5_DATE_PERMIT_ISSUED', 'G6_CERT_COMPLIANCE_OCC_IS', 'G7_PERMIT_ISSUED_FOR', 'G8_ASBUILT_LOWEST_FL_ELEV', 'G8_ASBUILT_LOWEST_FL_UNITS', 'G8_ASBUILT_OWEST_FL_DATUM', 'DATE_ENTERED', 'CREATED_DATE', 'LAST_EDITED_DATE', 'POINT_TYPE', 'REDACTED']
VERTICAL_DATUM: {'': 17814, 'NGVD1929': 875, 'NAVD1988': 528, '(NULL)': 91, 'UNK': 48, 'NGVD1927': 19, 'OTH': 7}
C2_BENCHMARK_VERT_DATUM: {'': 9295, 'NAVD1988': 7430, 'NGVD1929': 2465, '(NULL)': 91, 'UNK': 48, 'OTH': 34}
B11_ELEVATION_DATUM: {'NAVD1988': 11347, 'NGVD1929': 6664, '': 1255, 'OTH': 84, 'UNK': 17, '(NULL)': 6}
MEASUREMENT_UNITS: {'': 15754, 'FT': 3537, '(NULL)': 91}
C2A non-null: 18324  C2a_88 non-null: 8398  any floor (C2A or C2a_88 or C2B or C2b_88): 18460
C2F LAG non-null: 17855  C2f_88: 8258
D_DATE non-null 18563 min 1960-02-01 00:00:00 max (valid<2027) 2024-12-30 05:00:00
D_DATE years: {2012: 309, 2013: 432, 2014: 509, 2015: 394, 2016: 397, 2017: 1785, 2018: 1827, 2019: 1517, 2020: 241, 2021: 22, 2022: 31, 2024: 1}
D_DATE >= 2019-03-08: 1554  >= 2020-06: 73
LAST_EDITED_DATE max 2026-10-04 16:00:16  CREATED_DATE max 2026-10-04 16:00:16
A7 diagram raw top: {'1': 7160, '1A': 4159, '7': 2133, '': 1538, '1B': 1308, '8': 1200, '6': 1037, '5': 635, '3': 83, '1-A': 27, '9': 18, '2': 16, '01': 15, '8 &': 10, 'ONE': 5}
REDACTED: {'NO': 19191, 'YES': 191}
POINT_TYPE: {' ': 10329, 'Completed': 8962, '(null)': 91}

county labels 5247 fdem labels 7515 fdem distinct bldg 7515
county licence: {'pinellas_county_ec:terms_unread': 5247}  route: {'navd88_native': 5019, 'ngvd29_county_navd88': 228}
county buildings not in FDEM labels: 1582  of which navd88_native: 1416
new native: diagram 5-9: 763  diagram counts: {'1A': 484, '7': 392, '6': 216, '1B': 154, '8': 102, '5': 51, '3': 11, '2': 3, '9': 2, '4': 1}
new native with dh>3: 870  either: 924
overlap buildings 3665  |diff|<=0.5: 0.944
county issued_at max: 2020-05-01 00:00:00  fdem issued_at max: 6201-11-22 00:00:00
combined 8931 {'fdem': 7500, 'pinellas_county': 1431} {'fdem_certificates:terms_unread': 7500, 'pinellas_county_ec:terms_unread': 1431}
